// Jest Snapshot v1, https://goo.gl/fbAQLP

exports[`Movie list render 1`] = `
<div
  className="catalog__movies-list"
>
  <article
    className="small-movie-card catalog__movies-card"
    onMouseEnter={[Function]}
    onMouseLeave={[Function]}
  >
    <a
      href="/films/1"
      onClick={[Function]}
    >
      <div
        className="small-movie-card__image"
      >
        <video
          className=""
          poster="backgroundImage"
        >
          <source
            src="previewVideoLink"
          />
        </video>
      </div>
      <h3
        className="small-movie-card__title"
      >
        <span
          className="small-movie-card__link"
        >
          name
        </span>
      </h3>
    </a>
  </article>
  <article
    className="small-movie-card catalog__movies-card"
    onMouseEnter={[Function]}
    onMouseLeave={[Function]}
  >
    <a
      href="/films/2"
      onClick={[Function]}
    >
      <div
        className="small-movie-card__image"
      >
        <video
          className=""
          poster="backgroundImage 2"
        >
          <source
            src="previewVideoLink 2"
          />
        </video>
      </div>
      <h3
        className="small-movie-card__title"
      >
        <span
          className="small-movie-card__link"
        >
          name 2
        </span>
      </h3>
    </a>
  </article>
</div>
`;
