// Jest Snapshot v1, https://goo.gl/fbAQLP

exports[`Video player render 1`] = `
<video
  className=""
  poster="img/bg-the-grand-budapest-hotel.jpg"
>
  <source
    src="https://upload.wikimedia.org/wikipedia/commons/transcoded/b/b3/Big_Buck_Bunny_Trailer_400p.ogv/Big_Buck_Bunny_Trailer_400p.ogv.360p.webm"
  />
</video>
`;
